// Jest Snapshot v1, https://goo.gl/fbAQLP

exports[`Header component renders correctly 1`] = `
Object {
  "asFragment": [Function],
  "baseElement": <body>
    <div>
      <div
        class="Header"
      >
        <div
          class="img-container"
        >
          <img
            alt="Logo"
            src="Logo.png"
          />
        </div>
        <div
          class="text-logo"
        >
          <h1
            class="text-2xl font-bold text-gray-900 pl-7"
          >
            Football
            <span
              class="text-2xl font-normal italic"
            >
               academy
            </span>
          </h1>
        </div>
        <div
          class="btn-container"
        >
          <a
            class="mx-2 my-2 bg-white transition duration-150 ease-in-out hover:bg-slate-700 hover:border-slate-800 hover:text-yellow-400 rounded border border-slate-800 text-gray-800 px-10 py-4 text-sm hover:bg-slate-100 focus:outline-none focus:ring-2 focus:ring-offset-2  focus:ring-slate-100"
            href="/login"
          >
            Login
          </a>
        </div>
      </div>
    </div>
  </body>,
  "container": <div>
    <div
      class="Header"
    >
      <div
        class="img-container"
      >
        <img
          alt="Logo"
          src="Logo.png"
        />
      </div>
      <div
        class="text-logo"
      >
        <h1
          class="text-2xl font-bold text-gray-900 pl-7"
        >
          Football
          <span
            class="text-2xl font-normal italic"
          >
             academy
          </span>
        </h1>
      </div>
      <div
        class="btn-container"
      >
        <a
          class="mx-2 my-2 bg-white transition duration-150 ease-in-out hover:bg-slate-700 hover:border-slate-800 hover:text-yellow-400 rounded border border-slate-800 text-gray-800 px-10 py-4 text-sm hover:bg-slate-100 focus:outline-none focus:ring-2 focus:ring-offset-2  focus:ring-slate-100"
          href="/login"
        >
          Login
        </a>
      </div>
    </div>
  </div>,
  "debug": [Function],
  "findAllByAltText": [Function],
  "findAllByDisplayValue": [Function],
  "findAllByLabelText": [Function],
  "findAllByPlaceholderText": [Function],
  "findAllByRole": [Function],
  "findAllByTestId": [Function],
  "findAllByText": [Function],
  "findAllByTitle": [Function],
  "findByAltText": [Function],
  "findByDisplayValue": [Function],
  "findByLabelText": [Function],
  "findByPlaceholderText": [Function],
  "findByRole": [Function],
  "findByTestId": [Function],
  "findByText": [Function],
  "findByTitle": [Function],
  "getAllByAltText": [Function],
  "getAllByDisplayValue": [Function],
  "getAllByLabelText": [Function],
  "getAllByPlaceholderText": [Function],
  "getAllByRole": [Function],
  "getAllByTestId": [Function],
  "getAllByText": [Function],
  "getAllByTitle": [Function],
  "getByAltText": [Function],
  "getByDisplayValue": [Function],
  "getByLabelText": [Function],
  "getByPlaceholderText": [Function],
  "getByRole": [Function],
  "getByTestId": [Function],
  "getByText": [Function],
  "getByTitle": [Function],
  "queryAllByAltText": [Function],
  "queryAllByDisplayValue": [Function],
  "queryAllByLabelText": [Function],
  "queryAllByPlaceholderText": [Function],
  "queryAllByRole": [Function],
  "queryAllByTestId": [Function],
  "queryAllByText": [Function],
  "queryAllByTitle": [Function],
  "queryByAltText": [Function],
  "queryByDisplayValue": [Function],
  "queryByLabelText": [Function],
  "queryByPlaceholderText": [Function],
  "queryByRole": [Function],
  "queryByTestId": [Function],
  "queryByText": [Function],
  "queryByTitle": [Function],
  "rerender": [Function],
  "unmount": [Function],
}
`;
