// Jest Snapshot v1, https://goo.gl/fbAQLP

exports[`PlayerManagement component renders correctly 1`] = `
Object {
  "asFragment": [Function],
  "baseElement": <body>
    <div>
      <div
        class="sm:px-6 w-full min-h-screen"
      >
        <div
          class="px-4 md:px-10 py-4 md:py-7"
        >
          <div
            class="lg:flex items-center justify-between"
          >
            <p
              class="text-base sm:text-lg md:text-xl lg:text-2xl font-bold leading-normal text-gray-800"
            >
              Players
            </p>
            <div
              class="md:flex items-center mt-6 lg:mt-0"
            >
              <div
                class="flex items-center"
              >
                <button
                  class="px-2.5 py-2.5 mr-3 bg-slate-700 hover:bg-slate-600 rounded focus:outline-none"
                >
                  <svg
                    fill="none"
                    height="20"
                    viewBox="0 0 20 20"
                    width="20"
                    xmlns="http://www.w3.org/2000/svg"
                  >
                    <path
                      d="M15 3.3335H4.99998C4.07951 3.3335 3.33331 4.07969 3.33331 5.00016V6.66683C3.33331 7.5873 4.07951 8.3335 4.99998 8.3335H15C15.9205 8.3335 16.6666 7.5873 16.6666 6.66683V5.00016C16.6666 4.07969 15.9205 3.3335 15 3.3335Z"
                      stroke="#FAFAFA"
                      stroke-linecap="round"
                      stroke-linejoin="round"
                      stroke-width="1.25"
                    />
                    <path
                      d="M15 11.6665H4.99998C4.07951 11.6665 3.33331 12.4127 3.33331 13.3332V14.9998C3.33331 15.9203 4.07951 16.6665 4.99998 16.6665H15C15.9205 16.6665 16.6666 15.9203 16.6666 14.9998V13.3332C16.6666 12.4127 15.9205 11.6665 15 11.6665Z"
                      stroke="#FAFAFA"
                      stroke-linecap="round"
                      stroke-linejoin="round"
                      stroke-width="1.25"
                    />
                  </svg>
                </button>
                <button
                  class="px-2.5 py-2.5 mr-4 bg-white border hover:bg-gray-100 rounded border-gray-200 focus:outline-none"
                >
                  <svg
                    fill="none"
                    height="20"
                    viewBox="0 0 20 20"
                    width="20"
                    xmlns="http://www.w3.org/2000/svg"
                  >
                    <path
                      d="M7.49998 3.3335H4.16665C3.70641 3.3335 3.33331 3.70659 3.33331 4.16683V7.50016C3.33331 7.9604 3.70641 8.3335 4.16665 8.3335H7.49998C7.96022 8.3335 8.33331 7.9604 8.33331 7.50016V4.16683C8.33331 3.70659 7.96022 3.3335 7.49998 3.3335Z"
                      stroke="#6B7280"
                      stroke-linecap="round"
                      stroke-linejoin="round"
                      stroke-width="1.25"
                    />
                    <path
                      d="M15.8334 3.3335H12.5C12.0398 3.3335 11.6667 3.70659 11.6667 4.16683V7.50016C11.6667 7.9604 12.0398 8.3335 12.5 8.3335H15.8334C16.2936 8.3335 16.6667 7.9604 16.6667 7.50016V4.16683C16.6667 3.70659 16.2936 3.3335 15.8334 3.3335Z"
                      stroke="#6B7280"
                      stroke-linecap="round"
                      stroke-linejoin="round"
                      stroke-width="1.25"
                    />
                    <path
                      d="M7.49998 11.6665H4.16665C3.70641 11.6665 3.33331 12.0396 3.33331 12.4998V15.8332C3.33331 16.2934 3.70641 16.6665 4.16665 16.6665H7.49998C7.96022 16.6665 8.33331 16.2934 8.33331 15.8332V12.4998C8.33331 12.0396 7.96022 11.6665 7.49998 11.6665Z"
                      stroke="#6B7280"
                      stroke-linecap="round"
                      stroke-linejoin="round"
                      stroke-width="1.25"
                    />
                    <path
                      d="M15.8334 11.6665H12.5C12.0398 11.6665 11.6667 12.0396 11.6667 12.4998V15.8332C11.6667 16.2934 12.0398 16.6665 12.5 16.6665H15.8334C16.2936 16.6665 16.6667 16.2934 16.6667 15.8332V12.4998C16.6667 12.0396 16.2936 11.6665 15.8334 11.6665Z"
                      stroke="#6B7280"
                      stroke-linecap="round"
                      stroke-linejoin="round"
                      stroke-width="1.25"
                    />
                  </svg>
                </button>
                <div
                  class="flex items-center pl-3 bg-white border w-64 rounded border-gray-200"
                >
                  <svg
                    class="text-gray-500"
                    fill="none"
                    height="20"
                    viewBox="0 0 20 20"
                    width="20"
                    xmlns="http://www.w3.org/2000/svg"
                  >
                    <path
                      d="M8.33333 13.1667C11.555 13.1667 14.1667 10.555 14.1667 7.33333C14.1667 4.11167 11.555 1.5 8.33333 1.5C5.11167 1.5 2.5 4.11167 2.5 7.33333C2.5 10.555 5.11167 13.1667 8.33333 13.1667Z"
                      stroke="currentColor"
                      stroke-linecap="round"
                      stroke-linejoin="round"
                      stroke-width="1.25"
                    />
                    <path
                      d="M17.5 17.5L12.5 12.5"
                      stroke="currentColor"
                      stroke-linecap="round"
                      stroke-linejoin="round"
                      stroke-width="1.25"
                    />
                  </svg>
                  <input
                    class="py-2.5 pl-1 w-full focus:outline-none text-sm rounded text-gray-600 placeholder-gray-500"
                    placeholder="Search"
                    type="text"
                  />
                </div>
              </div>
              <div
                class="flex items-center mt-4 md:mt-0 md:ml-3 lg:ml-0"
              >
                <button
                  class="inline-flex ml-1.5 items-start justify-start px-6 py-3 bg-slate-700 hover:bg-slate-600 focus:outline-none rounded"
                >
                  <p
                    class="text-sm font-medium leading-none text-white"
                  >
                    Add Player
                  </p>
                </button>
              </div>
            </div>
          </div>
        </div>
        <div
          class="bg-white px-4 md:px-8 xl:px-10 overflow-x-auto"
        >
          <div>
            No data available
          </div>
        </div>
      </div>
    </div>
  </body>,
  "container": <div>
    <div
      class="sm:px-6 w-full min-h-screen"
    >
      <div
        class="px-4 md:px-10 py-4 md:py-7"
      >
        <div
          class="lg:flex items-center justify-between"
        >
          <p
            class="text-base sm:text-lg md:text-xl lg:text-2xl font-bold leading-normal text-gray-800"
          >
            Players
          </p>
          <div
            class="md:flex items-center mt-6 lg:mt-0"
          >
            <div
              class="flex items-center"
            >
              <button
                class="px-2.5 py-2.5 mr-3 bg-slate-700 hover:bg-slate-600 rounded focus:outline-none"
              >
                <svg
                  fill="none"
                  height="20"
                  viewBox="0 0 20 20"
                  width="20"
                  xmlns="http://www.w3.org/2000/svg"
                >
                  <path
                    d="M15 3.3335H4.99998C4.07951 3.3335 3.33331 4.07969 3.33331 5.00016V6.66683C3.33331 7.5873 4.07951 8.3335 4.99998 8.3335H15C15.9205 8.3335 16.6666 7.5873 16.6666 6.66683V5.00016C16.6666 4.07969 15.9205 3.3335 15 3.3335Z"
                    stroke="#FAFAFA"
                    stroke-linecap="round"
                    stroke-linejoin="round"
                    stroke-width="1.25"
                  />
                  <path
                    d="M15 11.6665H4.99998C4.07951 11.6665 3.33331 12.4127 3.33331 13.3332V14.9998C3.33331 15.9203 4.07951 16.6665 4.99998 16.6665H15C15.9205 16.6665 16.6666 15.9203 16.6666 14.9998V13.3332C16.6666 12.4127 15.9205 11.6665 15 11.6665Z"
                    stroke="#FAFAFA"
                    stroke-linecap="round"
                    stroke-linejoin="round"
                    stroke-width="1.25"
                  />
                </svg>
              </button>
              <button
                class="px-2.5 py-2.5 mr-4 bg-white border hover:bg-gray-100 rounded border-gray-200 focus:outline-none"
              >
                <svg
                  fill="none"
                  height="20"
                  viewBox="0 0 20 20"
                  width="20"
                  xmlns="http://www.w3.org/2000/svg"
                >
                  <path
                    d="M7.49998 3.3335H4.16665C3.70641 3.3335 3.33331 3.70659 3.33331 4.16683V7.50016C3.33331 7.9604 3.70641 8.3335 4.16665 8.3335H7.49998C7.96022 8.3335 8.33331 7.9604 8.33331 7.50016V4.16683C8.33331 3.70659 7.96022 3.3335 7.49998 3.3335Z"
                    stroke="#6B7280"
                    stroke-linecap="round"
                    stroke-linejoin="round"
                    stroke-width="1.25"
                  />
                  <path
                    d="M15.8334 3.3335H12.5C12.0398 3.3335 11.6667 3.70659 11.6667 4.16683V7.50016C11.6667 7.9604 12.0398 8.3335 12.5 8.3335H15.8334C16.2936 8.3335 16.6667 7.9604 16.6667 7.50016V4.16683C16.6667 3.70659 16.2936 3.3335 15.8334 3.3335Z"
                    stroke="#6B7280"
                    stroke-linecap="round"
                    stroke-linejoin="round"
                    stroke-width="1.25"
                  />
                  <path
                    d="M7.49998 11.6665H4.16665C3.70641 11.6665 3.33331 12.0396 3.33331 12.4998V15.8332C3.33331 16.2934 3.70641 16.6665 4.16665 16.6665H7.49998C7.96022 16.6665 8.33331 16.2934 8.33331 15.8332V12.4998C8.33331 12.0396 7.96022 11.6665 7.49998 11.6665Z"
                    stroke="#6B7280"
                    stroke-linecap="round"
                    stroke-linejoin="round"
                    stroke-width="1.25"
                  />
                  <path
                    d="M15.8334 11.6665H12.5C12.0398 11.6665 11.6667 12.0396 11.6667 12.4998V15.8332C11.6667 16.2934 12.0398 16.6665 12.5 16.6665H15.8334C16.2936 16.6665 16.6667 16.2934 16.6667 15.8332V12.4998C16.6667 12.0396 16.2936 11.6665 15.8334 11.6665Z"
                    stroke="#6B7280"
                    stroke-linecap="round"
                    stroke-linejoin="round"
                    stroke-width="1.25"
                  />
                </svg>
              </button>
              <div
                class="flex items-center pl-3 bg-white border w-64 rounded border-gray-200"
              >
                <svg
                  class="text-gray-500"
                  fill="none"
                  height="20"
                  viewBox="0 0 20 20"
                  width="20"
                  xmlns="http://www.w3.org/2000/svg"
                >
                  <path
                    d="M8.33333 13.1667C11.555 13.1667 14.1667 10.555 14.1667 7.33333C14.1667 4.11167 11.555 1.5 8.33333 1.5C5.11167 1.5 2.5 4.11167 2.5 7.33333C2.5 10.555 5.11167 13.1667 8.33333 13.1667Z"
                    stroke="currentColor"
                    stroke-linecap="round"
                    stroke-linejoin="round"
                    stroke-width="1.25"
                  />
                  <path
                    d="M17.5 17.5L12.5 12.5"
                    stroke="currentColor"
                    stroke-linecap="round"
                    stroke-linejoin="round"
                    stroke-width="1.25"
                  />
                </svg>
                <input
                  class="py-2.5 pl-1 w-full focus:outline-none text-sm rounded text-gray-600 placeholder-gray-500"
                  placeholder="Search"
                  type="text"
                />
              </div>
            </div>
            <div
              class="flex items-center mt-4 md:mt-0 md:ml-3 lg:ml-0"
            >
              <button
                class="inline-flex ml-1.5 items-start justify-start px-6 py-3 bg-slate-700 hover:bg-slate-600 focus:outline-none rounded"
              >
                <p
                  class="text-sm font-medium leading-none text-white"
                >
                  Add Player
                </p>
              </button>
            </div>
          </div>
        </div>
      </div>
      <div
        class="bg-white px-4 md:px-8 xl:px-10 overflow-x-auto"
      >
        <div>
          No data available
        </div>
      </div>
    </div>
  </div>,
  "debug": [Function],
  "findAllByAltText": [Function],
  "findAllByDisplayValue": [Function],
  "findAllByLabelText": [Function],
  "findAllByPlaceholderText": [Function],
  "findAllByRole": [Function],
  "findAllByTestId": [Function],
  "findAllByText": [Function],
  "findAllByTitle": [Function],
  "findByAltText": [Function],
  "findByDisplayValue": [Function],
  "findByLabelText": [Function],
  "findByPlaceholderText": [Function],
  "findByRole": [Function],
  "findByTestId": [Function],
  "findByText": [Function],
  "findByTitle": [Function],
  "getAllByAltText": [Function],
  "getAllByDisplayValue": [Function],
  "getAllByLabelText": [Function],
  "getAllByPlaceholderText": [Function],
  "getAllByRole": [Function],
  "getAllByTestId": [Function],
  "getAllByText": [Function],
  "getAllByTitle": [Function],
  "getByAltText": [Function],
  "getByDisplayValue": [Function],
  "getByLabelText": [Function],
  "getByPlaceholderText": [Function],
  "getByRole": [Function],
  "getByTestId": [Function],
  "getByText": [Function],
  "getByTitle": [Function],
  "queryAllByAltText": [Function],
  "queryAllByDisplayValue": [Function],
  "queryAllByLabelText": [Function],
  "queryAllByPlaceholderText": [Function],
  "queryAllByRole": [Function],
  "queryAllByTestId": [Function],
  "queryAllByText": [Function],
  "queryAllByTitle": [Function],
  "queryByAltText": [Function],
  "queryByDisplayValue": [Function],
  "queryByLabelText": [Function],
  "queryByPlaceholderText": [Function],
  "queryByRole": [Function],
  "queryByTestId": [Function],
  "queryByText": [Function],
  "queryByTitle": [Function],
  "rerender": [Function],
  "unmount": [Function],
}
`;
