// Jest Snapshot v1, https://goo.gl/fbAQLP

exports[`Login component renders correctly 1`] = `
Object {
  "asFragment": [Function],
  "baseElement": <body>
    <div>
      <div
        class="mx-auto flex justify-center md:items-center relative md:h-full"
      >
        <div
          class="w-full sm:w-4/6 md:w-3/6 lg:w-4/12 xl:w-3/12 text-gray-800 mb-32 sm:mb-0 my-40 sm:my-12 px-2 sm:px-0"
          id="login"
        >
          <div />
          <div
            class="pt-16 px-2 flex flex-col items-center justify-center"
          >
            <h3
              class="text-2xl sm:text-3xl xl:text-2xl font-bold dark:text-gray-100 leading-tight"
            >
              Football Academy
            </h3>
          </div>
          <div
            class="mt-12 w-full px-2 sm:px-6"
          >
            <div
              class="flex flex-col mt-5"
            >
              <label
                class="text-lg font-semibold dark:text-gray-100 leading-tight"
                for="email"
              >
                Email
              </label>
              <input
                class="h-10 px-2 w-full rounded mt-2 text-gray-600 dark:text-gray-400 bg-white dark:bg-gray-800 dark:border-gray-700 dark:focus:border-indigo-600 focus:outline-none focus:border focus:border-indigo-700 border-gray-300 border shadow"
                id="email"
                name="email"
                required=""
                type="email"
              />
            </div>
            <div
              class="flex flex-col mt-5"
            >
              <label
                class="text-lg font-semibold dark:text-gray-100 fleading-tight"
                for="password"
              >
                Password
              </label>
              <input
                class="h-10 px-2 w-full rounded mt-2 text-gray-600 dark:text-gray-400 bg-white dark:bg-gray-800 dark:border-gray-700 dark:focus:border-indigo-600 focus:outline-none focus:border focus:border-indigo-700 border-gray-300 border shadow"
                id="password"
                name="password"
                required=""
                type="password"
              />
            </div>
          </div>
          <div
            class="pt-6 w-full flex justify-between px-2 sm:px-6"
          >
            <div
              class="flex items-center"
            >
              <input
                class="focus:outline-none focus:ring-2 focus:ring-slate-600 w-3 h-3 mr-2 bg-white dark:bg-slate-600"
                id="rememberme"
                name="rememberme"
                type="checkbox"
              />
              <label
                class="text-xs dark:text-gray-100"
                for="rememberme"
              >
                Remember Me
              </label>
            </div>
            <a
              class="text-xs text-slate-700 focus:outline-none focus:underline focus:text-gray-800 hover:text-gray-800"
            >
              Forgot Password?
            </a>
          </div>
          <div
            class="px-2 mb-16 sm:mb-56 md:mb-16 sm:px-6"
          >
            <button
              class="focus:outline-none focus:ring-2 focus:ring-offset-2  focus:ring-slate-100 w-full bg-slate-700 transition duration-150 ease-in-out hover:bg-slate-800 hover:text-yellow-400 rounded text-white px-8 py-3 text-sm mt-6"
              type="submit"
            >
              Login
            </button>
            <p
              class="mt-16 text-xs text-center dark:text-gray-100"
            >
              Don’t Have An Account?
              <a
                class="mx-4 focus:underline text-slate-700 focus:outline-none focus:text-gray-800 hover:text-gray-800"
                href="/signup"
              >
                Sign Up
              </a>
            </p>
          </div>
        </div>
      </div>
    </div>
  </body>,
  "container": <div>
    <div
      class="mx-auto flex justify-center md:items-center relative md:h-full"
    >
      <div
        class="w-full sm:w-4/6 md:w-3/6 lg:w-4/12 xl:w-3/12 text-gray-800 mb-32 sm:mb-0 my-40 sm:my-12 px-2 sm:px-0"
        id="login"
      >
        <div />
        <div
          class="pt-16 px-2 flex flex-col items-center justify-center"
        >
          <h3
            class="text-2xl sm:text-3xl xl:text-2xl font-bold dark:text-gray-100 leading-tight"
          >
            Football Academy
          </h3>
        </div>
        <div
          class="mt-12 w-full px-2 sm:px-6"
        >
          <div
            class="flex flex-col mt-5"
          >
            <label
              class="text-lg font-semibold dark:text-gray-100 leading-tight"
              for="email"
            >
              Email
            </label>
            <input
              class="h-10 px-2 w-full rounded mt-2 text-gray-600 dark:text-gray-400 bg-white dark:bg-gray-800 dark:border-gray-700 dark:focus:border-indigo-600 focus:outline-none focus:border focus:border-indigo-700 border-gray-300 border shadow"
              id="email"
              name="email"
              required=""
              type="email"
            />
          </div>
          <div
            class="flex flex-col mt-5"
          >
            <label
              class="text-lg font-semibold dark:text-gray-100 fleading-tight"
              for="password"
            >
              Password
            </label>
            <input
              class="h-10 px-2 w-full rounded mt-2 text-gray-600 dark:text-gray-400 bg-white dark:bg-gray-800 dark:border-gray-700 dark:focus:border-indigo-600 focus:outline-none focus:border focus:border-indigo-700 border-gray-300 border shadow"
              id="password"
              name="password"
              required=""
              type="password"
            />
          </div>
        </div>
        <div
          class="pt-6 w-full flex justify-between px-2 sm:px-6"
        >
          <div
            class="flex items-center"
          >
            <input
              class="focus:outline-none focus:ring-2 focus:ring-slate-600 w-3 h-3 mr-2 bg-white dark:bg-slate-600"
              id="rememberme"
              name="rememberme"
              type="checkbox"
            />
            <label
              class="text-xs dark:text-gray-100"
              for="rememberme"
            >
              Remember Me
            </label>
          </div>
          <a
            class="text-xs text-slate-700 focus:outline-none focus:underline focus:text-gray-800 hover:text-gray-800"
          >
            Forgot Password?
          </a>
        </div>
        <div
          class="px-2 mb-16 sm:mb-56 md:mb-16 sm:px-6"
        >
          <button
            class="focus:outline-none focus:ring-2 focus:ring-offset-2  focus:ring-slate-100 w-full bg-slate-700 transition duration-150 ease-in-out hover:bg-slate-800 hover:text-yellow-400 rounded text-white px-8 py-3 text-sm mt-6"
            type="submit"
          >
            Login
          </button>
          <p
            class="mt-16 text-xs text-center dark:text-gray-100"
          >
            Don’t Have An Account?
            <a
              class="mx-4 focus:underline text-slate-700 focus:outline-none focus:text-gray-800 hover:text-gray-800"
              href="/signup"
            >
              Sign Up
            </a>
          </p>
        </div>
      </div>
    </div>
  </div>,
  "debug": [Function],
  "findAllByAltText": [Function],
  "findAllByDisplayValue": [Function],
  "findAllByLabelText": [Function],
  "findAllByPlaceholderText": [Function],
  "findAllByRole": [Function],
  "findAllByTestId": [Function],
  "findAllByText": [Function],
  "findAllByTitle": [Function],
  "findByAltText": [Function],
  "findByDisplayValue": [Function],
  "findByLabelText": [Function],
  "findByPlaceholderText": [Function],
  "findByRole": [Function],
  "findByTestId": [Function],
  "findByText": [Function],
  "findByTitle": [Function],
  "getAllByAltText": [Function],
  "getAllByDisplayValue": [Function],
  "getAllByLabelText": [Function],
  "getAllByPlaceholderText": [Function],
  "getAllByRole": [Function],
  "getAllByTestId": [Function],
  "getAllByText": [Function],
  "getAllByTitle": [Function],
  "getByAltText": [Function],
  "getByDisplayValue": [Function],
  "getByLabelText": [Function],
  "getByPlaceholderText": [Function],
  "getByRole": [Function],
  "getByTestId": [Function],
  "getByText": [Function],
  "getByTitle": [Function],
  "queryAllByAltText": [Function],
  "queryAllByDisplayValue": [Function],
  "queryAllByLabelText": [Function],
  "queryAllByPlaceholderText": [Function],
  "queryAllByRole": [Function],
  "queryAllByTestId": [Function],
  "queryAllByText": [Function],
  "queryAllByTitle": [Function],
  "queryByAltText": [Function],
  "queryByDisplayValue": [Function],
  "queryByLabelText": [Function],
  "queryByPlaceholderText": [Function],
  "queryByRole": [Function],
  "queryByTestId": [Function],
  "queryByText": [Function],
  "queryByTitle": [Function],
  "rerender": [Function],
  "unmount": [Function],
}
`;
